// Jest Snapshot v1, https://goo.gl/fbAQLP

exports[`<GradientButtonItem /> should match snapshot 1`] = `ShallowWrapper {}`;
