// Jest Snapshot v1, https://goo.gl/fbAQLP

exports[`<ShowController /> should match snapshot 1`] = `ShallowWrapper {}`;
