// Jest Snapshot v1, https://goo.gl/fbAQLP

exports[`<ContextMenu /> should match snapshot 1`] = `ShallowWrapper {}`;
