// Jest Snapshot v1, https://goo.gl/fbAQLP

exports[`<SlideCreateCard /> should match snapshot 1`] = `ShallowWrapper {}`;
