// Jest Snapshot v1, https://goo.gl/fbAQLP

exports[`<TextAssetView /> should match snapshot 1`] = `ShallowWrapper {}`;
