// Jest Snapshot v1, https://goo.gl/fbAQLP

exports[`<Guideline /> should match snapshot 1`] = `ShallowWrapper {}`;
